
> tasks@0.1.0 test
> react-scripts test

PASS src/quizzer/Quizzer.test.tsx
  ● Console

    console.error
      Warning: Each child in a list should have a unique "key" prop.
      
      Check the render method of `QuizList`. See https://reactjs.org/link/warning-keys for more information.
          at div
          at QuizList (/home/runner/work/quizzer_start/quizzer_start/src/quizzer/QuizList.tsx:9:5)
          at div
          at Quizzer (/home/runner/work/quizzer_start/quizzer_start/src/quizzer/Quizzer.tsx:24:43)

      29 |
      30 |     return (
    > 31 |         <div className="quiz_list">
         |         ^
      32 |             {!displayId && (
      33 |                 <>
      34 |                     {quizzes.map((quiz: Quiz) => (

      at printWarning (node_modules/react/cjs/react-jsx-dev-runtime.development.js:117:30)
      at error (node_modules/react/cjs/react-jsx-dev-runtime.development.js:93:5)
      at validateExplicitKey (node_modules/react/cjs/react-jsx-dev-runtime.development.js:986:5)
      at validateChildKeys (node_modules/react/cjs/react-jsx-dev-runtime.development.js:1013:11)
      at jsxWithValidation (node_modules/react/cjs/react-jsx-dev-runtime.development.js:1174:15)
      at QuizList (src/quizzer/QuizList.tsx:31:9)
      at renderWithHooks (node_modules/react-dom/cjs/react-dom.development.js:14985:18)
      at mountIndeterminateComponent (node_modules/react-dom/cjs/react-dom.development.js:17811:13)
      at beginWork (node_modules/react-dom/cjs/react-dom.development.js:19049:16)
      at beginWork$1 (node_modules/react-dom/cjs/react-dom.development.js:23940:14)
      at performUnitOfWork (node_modules/react-dom/cjs/react-dom.development.js:22779:12)
      at workLoopSync (node_modules/react-dom/cjs/react-dom.development.js:22707:5)
      at renderRootSync (node_modules/react-dom/cjs/react-dom.development.js:22670:7)
      at performSyncWorkOnRoot (node_modules/react-dom/cjs/react-dom.development.js:22293:18)
      at scheduleUpdateOnFiber (node_modules/react-dom/cjs/react-dom.development.js:21881:7)
      at updateContainer (node_modules/react-dom/cjs/react-dom.development.js:25482:3)
      at node_modules/react-dom/cjs/react-dom.development.js:26021:7
      at unbatchedUpdates (node_modules/react-dom/cjs/react-dom.development.js:22431:12)
      at legacyRenderSubtreeIntoContainer (node_modules/react-dom/cjs/react-dom.development.js:26020:5)
      at Object.render (node_modules/react-dom/cjs/react-dom.development.js:26103:10)
      at node_modules/@testing-library/react/dist/pure.js:101:25
      at batchedUpdates$1 (node_modules/react-dom/cjs/react-dom.development.js:22380:12)
      at act (node_modules/react-dom/cjs/react-dom-test-utils.development.js:1042:14)
      at render (node_modules/@testing-library/react/dist/pure.js:97:26)
      at Object.<anonymous> (src/quizzer/Quizzer.test.tsx:24:15)

PASS src/App.test.tsx
  ● Console

    console.error
      Warning: Each child in a list should have a unique "key" prop.
      
      Check the render method of `QuizList`. See https://reactjs.org/link/warning-keys for more information.
          at div
          at QuizList (/home/runner/work/quizzer_start/quizzer_start/src/quizzer/QuizList.tsx:9:5)
          at div
          at Quizzer (/home/runner/work/quizzer_start/quizzer_start/src/quizzer/Quizzer.tsx:24:43)
          at div
          at div
          at App (/home/runner/work/quizzer_start/quizzer_start/src/App.tsx:9:43)

      29 |
      30 |     return (
    > 31 |         <div className="quiz_list">
         |         ^
      32 |             {!displayId && (
      33 |                 <>
      34 |                     {quizzes.map((quiz: Quiz) => (

      at printWarning (node_modules/react/cjs/react-jsx-dev-runtime.development.js:117:30)
      at error (node_modules/react/cjs/react-jsx-dev-runtime.development.js:93:5)
      at validateExplicitKey (node_modules/react/cjs/react-jsx-dev-runtime.development.js:986:5)
      at validateChildKeys (node_modules/react/cjs/react-jsx-dev-runtime.development.js:1013:11)
      at jsxWithValidation (node_modules/react/cjs/react-jsx-dev-runtime.development.js:1174:15)
      at QuizList (src/quizzer/QuizList.tsx:31:9)
      at renderWithHooks (node_modules/react-dom/cjs/react-dom.development.js:14985:18)
      at mountIndeterminateComponent (node_modules/react-dom/cjs/react-dom.development.js:17811:13)
      at beginWork (node_modules/react-dom/cjs/react-dom.development.js:19049:16)
      at beginWork$1 (node_modules/react-dom/cjs/react-dom.development.js:23940:14)
      at performUnitOfWork (node_modules/react-dom/cjs/react-dom.development.js:22779:12)
      at workLoopSync (node_modules/react-dom/cjs/react-dom.development.js:22707:5)
      at renderRootSync (node_modules/react-dom/cjs/react-dom.development.js:22670:7)
      at performSyncWorkOnRoot (node_modules/react-dom/cjs/react-dom.development.js:22293:18)
      at scheduleUpdateOnFiber (node_modules/react-dom/cjs/react-dom.development.js:21881:7)
      at updateContainer (node_modules/react-dom/cjs/react-dom.development.js:25482:3)
      at node_modules/react-dom/cjs/react-dom.development.js:26021:7
      at unbatchedUpdates (node_modules/react-dom/cjs/react-dom.development.js:22431:12)
      at legacyRenderSubtreeIntoContainer (node_modules/react-dom/cjs/react-dom.development.js:26020:5)
      at Object.render (node_modules/react-dom/cjs/react-dom.development.js:26103:10)
      at node_modules/@testing-library/react/dist/pure.js:101:25
      at batchedUpdates$1 (node_modules/react-dom/cjs/react-dom.development.js:22380:12)
      at act (node_modules/react-dom/cjs/react-dom-test-utils.development.js:1042:14)
      at render (node_modules/@testing-library/react/dist/pure.js:97:26)
      at Object.<anonymous> (src/App.test.tsx:6:11)
      at TestScheduler.scheduleTests (node_modules/@jest/core/build/TestScheduler.js:333:13)
      at runJest (node_modules/@jest/core/build/runJest.js:404:19)
      at _run10000 (node_modules/@jest/core/build/cli/index.js:320:7)
      at runCLI (node_modules/@jest/core/build/cli/index.js:173:3)

-------------------|---------|----------|---------|---------|--------------------------------------------
File               | % Stmts | % Branch | % Funcs | % Lines | Uncovered Line #s                          
-------------------|---------|----------|---------|---------|--------------------------------------------
All files          |   82.43 |    82.75 |   76.71 |   81.69 |                                            
 src               |   66.66 |       50 |      50 |   66.66 |                                            
  App.tsx          |   66.66 |       50 |      50 |   66.66 | 17                                         
 src/interfaces    |       0 |        0 |       0 |       0 |                                            
  question.ts      |       0 |        0 |       0 |       0 |                                            
  quiz.ts          |       0 |        0 |       0 |       0 |                                            
 src/quizzer       |   82.75 |    85.18 |   77.46 |   82.01 |                                            
  AddQuizModal.tsx |   64.28 |      100 |      40 |   64.28 | 37-56                                      
  QuestionEdit.tsx |   46.66 |    66.66 |      40 |   46.66 | 27-30,49-50,57-59,67-69,92-165,199,226,251 
  QuizCard.tsx     |     100 |       80 |     100 |     100 | 32                                         
  QuizEdit.tsx     |   85.18 |      100 |   73.33 |      84 | 35-37,70,100                               
  QuizExpanded.tsx |     100 |    85.71 |     100 |     100 | 74                                         
  QuizList.tsx     |     100 |      100 |     100 |     100 |                                            
  QuizQuestion.tsx |     100 |    85.71 |     100 |     100 | 25-32                                      
  QuizView.tsx     |     100 |      100 |     100 |     100 |                                            
  Quizzer.tsx      |     100 |      100 |     100 |     100 |                                            
-------------------|---------|----------|---------|---------|--------------------------------------------

Test Suites: 2 passed, 2 total
Tests:       15 passed, 15 total
Snapshots:   0 total
Time:        4.565 s
Ran all test suites.
